cargo : warning: unused imports: `EnumDef`, `EnumItem`, `EnumM
ember`, `FieldDef`, `FileDef`, `NamespaceDef`, `NamespaceItem`
, `StructDef`, and `StructItem`
At line:1 char:1
+ cargo test --test snapshot_tests > test_output.txt 2>&1
+ ~~~~~~~~~~~~~~~~~~~~~~~~~~~~~~~~~~~~~~~~~~~~~~~~~~~~~~~
    + CategoryInfo          : NotSpecified: (warning: unused. 
   ..nd `StructItem`:String) [], RemoteException
    + FullyQualifiedErrorId : NativeCommandError
 
 --> src\rhai_generator.rs:2:5
  |
2 |     EnumDef, EnumItem, EnumMember, FieldDef, FileDef, Name
spaceDef, NamespaceItem, S...
  |     ^^^^^^^  ^^^^^^^^  ^^^^^^^^^^  ^^^^^^^^  ^^^^^^^  ^^^^
^^^^^^^^  ^^^^^^^^^^^^^
3 |     StructDef, StructItem,
  |     ^^^^^^^^^  ^^^^^^^^^^
  |
  = note: `#[warn(unused_imports)]` on by default

warning: unused imports: `Array` and `Dynamic`
 --> src\rhai_generator.rs:6:12
  |
6 | use rhai::{Array, Dynamic, Engine, Scope};
  |            ^^^^^  ^^^^^^^

warning: unused imports: `EvalAltResult`, `NativeCallContext`,
 and `Scope`
  --> src\rhai\csv.rs:12:36
   |
12 | ...gine, EvalAltResult, NativeCallContext, Scope};
   |          ^^^^^^^^^^^^^  ^^^^^^^^^^^^^^^^^  ^^^^^

warning: unused import: `std::path::Path`
  --> src\rhai\csv.rs:13:5
   |
13 | use std::path::Path;
   |     ^^^^^^^^^^^^^^^

warning: unused import: `EvalAltResult`
 --> src\rhai\csharp.rs:2:20
  |
2 | use rhai::{Engine, EvalAltResult};
  |                    ^^^^^^^^^^^^^

warning: variable does not need to be mutable
   --> src\ir_builder.rs:303:33
    |
303 | ...   let (field_def, mut new_nested_structs, mut new...
    |                       ----^^^^^^^^^^^^^^^^^^
    |                       |
    |                       help: remove this `mut`
    |
    = note: `#[warn(unused_mut)]` on by default

warning: variable does not need to be mutable
   --> src\ir_builder.rs:303:57
    |
303 | ...d_structs, mut new_nested_enums) =
    |               ----^^^^^^^^^^^^^^^^
    |               |
    |               help: remove this `mut`

warning: variable does not need to be mutable
   --> src\rhai\csv.rs:476:9
    |
476 |     let mut t = unwrap_option(type_string).to_string();
    |         ----^
    |         |
    |         help: remove this `mut`

warning: variable does not need to be mutable
   --> src\rhai\csv.rs:703:9
    |
703 |     let mut t = unwrap_option(&field.field_type.origi...
    |         ----^
    |         |
    |         help: remove this `mut`

warning: variable does not need to be mutable
    --> src\rhai\csv.rs:1126:9
     |
1126 |     let mut t = unwrap_option(&field.field_type.orig...
     |         ----^
     |         |
     |         help: remove this `mut`

warning: variable does not need to be mutable
    --> src\rhai\csv.rs:1381:9
     |
1381 |     let mut t = unwrap_option(type_string).to_string();
     |         ----^
     |         |
     |         help: remove this `mut`

warning: unused variable: `inner_write`
  --> src\rhai\csharp.rs:60:13
   |
60 |         let inner_write = generate_value_write(inner, ...
   |             ^^^^^^^^^^^ help: if this is intentional, pre
fix it with an underscore: `_inner_write`
   |
   = note: `#[warn(unused_variables)]` on by default

warning: function `gen_get_cell` is never used
   --> src\rhai\csv.rs:660:8
    |
660 |     fn gen_get_cell(expr_key: &str) -> String {
    |        ^^^^^^^^^^^^
    |
    = note: `#[warn(dead_code)]` on by default

warning: function `fmt_key` is never used
   --> src\rhai\csv.rs:667:8
    |
667 |     fn fmt_key(prefix_var: &str, suffix: &str) -> Str...
    |        ^^^^^^^

warning: crate `PolyGen` should have a snake case name
  |
  = help: convert the identifier to snake case: `poly_gen`
  = note: `#[warn(non_snake_case)]` on by default

warning: `PolyGen` (lib) generated 15 warnings (run `cargo fix
 --lib -p PolyGen` to apply 11 suggestions)
   Compiling PolyGen v0.1.0 (D:\Rust\PolyGen)
error: this file contains an unclosed delimiter
  --> tests\snapshot_tests.rs:68:2
   |
7  | fn test_ast_snapshots() -> Result<()> {
   |                                       - unclosed delimite
r
...
12 |     {
   |     - unclosed delimiter
...
68 | }
   |  ^

error: could not compile `PolyGen` (test "snapshot_tests") due
 to 1 previous error
