---
source: tests/snapshot_tests.rs
expression: ir_context
---
SchemaContext {
    files: [
        FileDef {
            path: "constraints_table.poly",
            namespaces: [
                NamespaceDef {
                    name: "",
                    items: [
                        Struct(
                            StructDef {
                                name: "ConstraintsTable",
                                header: [],
                                items: [
                                    Field(
                                        FieldDef {
                                            name: "id",
                                            field_type: "u32",
                                            attributes: [
                                                "Key",
                                            ],
                                        },
                                    ),
                                    Field(
                                        FieldDef {
                                            name: "code",
                                            field_type: "string",
                                            attributes: [
                                                "Index(IsUnique = true)",
                                                "MaxLength(10)",
                                            ],
                                        },
                                    ),
                                    Field(
                                        FieldDef {
                                            name: "value",
                                            field_type: "f32",
                                            attributes: [],
                                        },
                                    ),
                                    Field(
                                        FieldDef {
                                            name: "category_id",
                                            field_type: "u32",
                                            attributes: [],
                                        },
                                    ),
                                ],
                                is_embed: false,
                                embedded_structs: [],
                                inline_enums: [],
                            },
                        ),
                    ],
                },
            ],
        },
    ],
}
