---
source: tests/snapshot_tests.rs
expression: ir_context
---
SchemaContext {
    files: [
        FileDef {
            path: "inline_embed_table.poly",
            namespaces: [
                NamespaceDef {
                    name: "",
                    items: [
                        Struct(
                            StructDef {
                                name: "Character",
                                header: [],
                                items: [
                                    Field(
                                        FieldDef {
                                            name: "id",
                                            field_type: "u32",
                                            attributes: [
                                                "Key",
                                            ],
                                        },
                                    ),
                                    Field(
                                        FieldDef {
                                            name: "name",
                                            field_type: "string",
                                            attributes: [],
                                        },
                                    ),
                                    Field(
                                        FieldDef {
                                            name: "inventory",
                                            field_type: "List<Inventory>",
                                            attributes: [],
                                        },
                                    ),
                                    EmbeddedStruct(
                                        StructDef {
                                            name: "Inventory",
                                            header: [],
                                            items: [
                                                Field(
                                                    FieldDef {
                                                        name: "item_id",
                                                        field_type: "u32",
                                                        attributes: [],
                                                    },
                                                ),
                                                Field(
                                                    FieldDef {
                                                        name: "quantity",
                                                        field_type: "u32",
                                                        attributes: [],
                                                    },
                                                ),
                                                Field(
                                                    FieldDef {
                                                        name: "properties",
                                                        field_type: "List<Properties>",
                                                        attributes: [],
                                                    },
                                                ),
                                                EmbeddedStruct(
                                                    StructDef {
                                                        name: "Properties",
                                                        header: [],
                                                        items: [
                                                            Field(
                                                                FieldDef {
                                                                    name: "key",
                                                                    field_type: "string",
                                                                    attributes: [],
                                                                },
                                                            ),
                                                            Field(
                                                                FieldDef {
                                                                    name: "value",
                                                                    field_type: "string",
                                                                    attributes: [],
                                                                },
                                                            ),
                                                        ],
                                                    },
                                                ),
                                            ],
                                        },
                                    ),
                                ],
                            },
                        ),
                    ],
                },
            ],
        },
    ],
}
