---
source: tests/snapshot_tests.rs
expression: ir_context
---
SchemaContext {
    files: [
        FileDef {
            path: "nested_namespaces.poly",
            namespaces: [
                NamespaceDef {
                    name: "",
                    items: [],
                },
                NamespaceDef {
                    name: "game.character",
                    items: [
                        Struct(
                            StructDef {
                                name: "Player",
                                header: [],
                                items: [
                                    Field(
                                        FieldDef {
                                            name: "id",
                                            field_type: "u32",
                                            attributes: [],
                                        },
                                    ),
                                    Field(
                                        FieldDef {
                                            name: "name",
                                            field_type: "string",
                                            attributes: [],
                                        },
                                    ),
                                ],
                                is_embed: false,
                                embedded_structs: [],
                                inline_enums: [],
                            },
                        ),
                    ],
                },
                NamespaceDef {
                    name: "game.item",
                    items: [
                        Struct(
                            StructDef {
                                name: "Item",
                                header: [],
                                items: [
                                    Field(
                                        FieldDef {
                                            name: "id",
                                            field_type: "u32",
                                            attributes: [],
                                        },
                                    ),
                                    Field(
                                        FieldDef {
                                            name: "name",
                                            field_type: "string",
                                            attributes: [],
                                        },
                                    ),
                                ],
                                is_embed: false,
                                embedded_structs: [],
                                inline_enums: [],
                            },
                        ),
                    ],
                },
            ],
        },
    ],
}
