---
source: tests/snapshot_tests.rs
expression: all_asts
---
[
    AstRoot {
        path: "tests/schemas\\inline_enum_field_table.poly",
        file_imports: [],
        definitions: [
            Table(
                Table {
                    metadata: [],
                    name: Some(
                        "Product",
                    ),
                    members: [
                        Field(
                            Regular(
                                RegularField {
                                    metadata: [],
                                    name: Some(
                                        "id",
                                    ),
                                    field_type: TypeWithCardinality {
                                        base_type: Basic(
                                            U32,
                                        ),
                                        cardinality: None,
                                    },
                                    constraints: [
                                        PrimaryKey,
                                    ],
                                    field_number: None,
                                },
                            ),
                        ),
                        Field(
                            Regular(
                                RegularField {
                                    metadata: [],
                                    name: Some(
                                        "name",
                                    ),
                                    field_type: TypeWithCardinality {
                                        base_type: Basic(
                                            String,
                                        ),
                                        cardinality: None,
                                    },
                                    constraints: [],
                                    field_number: None,
                                },
                            ),
                        ),
                        Field(
                            InlineEnum(
                                InlineEnumField {
                                    metadata: [],
                                    name: Some(
                                        "status",
                                    ),
                                    variants: [
                                        EnumVariant {
                                            metadata: [],
                                            name: Some(
                                                "Available",
                                            ),
                                            value: None,
                                        },
                                        EnumVariant {
                                            metadata: [],
                                            name: Some(
                                                "OutOfStock",
                                            ),
                                            value: None,
                                        },
                                        EnumVariant {
                                            metadata: [],
                                            name: Some(
                                                "Discontinued",
                                            ),
                                            value: None,
                                        },
                                    ],
                                    cardinality: None,
                                    field_number: None,
                                },
                            ),
                        ),
                    ],
                },
            ),
        ],
    },
]
