---
source: tests/snapshot_tests.rs
expression: ir_context
---
SchemaContext {
    files: [
        FileDef {
            path: "index_annotations_table.poly",
            namespaces: [
                NamespaceDef {
                    name: "",
                    datasource: None,
                    items: [
                        Struct(
                            StructDef {
                                name: "Player",
                                fqn: "Player",
                                datasource: None,
                                header: [
                                    Comment(
                                        "Test schema for @index annotation",
                                    ),
                                    Annotation(
                                        AnnotationDef {
                                            name: "index",
                                            positional_args: [
                                                "name",
                                            ],
                                            params: [],
                                        },
                                    ),
                                    Annotation(
                                        AnnotationDef {
                                            name: "index",
                                            positional_args: [
                                                "guild_id",
                                                "level",
                                            ],
                                            params: [],
                                        },
                                    ),
                                    Annotation(
                                        AnnotationDef {
                                            name: "index",
                                            positional_args: [
                                                "region",
                                                "guild_id",
                                                "level",
                                            ],
                                            params: [],
                                        },
                                    ),
                                    Annotation(
                                        AnnotationDef {
                                            name: "index",
                                            positional_args: [
                                                "email",
                                            ],
                                            params: [
                                                AnnotationParam {
                                                    key: "unique",
                                                    value: "true",
                                                },
                                            ],
                                        },
                                    ),
                                ],
                                items: [
                                    Field(
                                        FieldDef {
                                            name: "id",
                                            field_type: TypeRef {
                                                original: "u32",
                                                fqn: "u32",
                                                namespace_fqn: "",
                                                type_name: "u32",
                                                parent_type_path: "",
                                                lang_type: "u32",
                                                is_primitive: true,
                                                is_struct: false,
                                                is_enum: false,
                                                is_option: false,
                                                is_list: false,
                                                inner_type: None,
                                            },
                                            attributes: [
                                                "Key",
                                            ],
                                            is_primary_key: true,
                                            is_unique: false,
                                            is_index: false,
                                            foreign_key: None,
                                        },
                                    ),
                                    Field(
                                        FieldDef {
                                            name: "name",
                                            field_type: TypeRef {
                                                original: "string",
                                                fqn: "string",
                                                namespace_fqn: "",
                                                type_name: "string",
                                                parent_type_path: "",
                                                lang_type: "string",
                                                is_primitive: true,
                                                is_struct: false,
                                                is_enum: false,
                                                is_option: false,
                                                is_list: false,
                                                inner_type: None,
                                            },
                                            attributes: [],
                                            is_primary_key: false,
                                            is_unique: false,
                                            is_index: false,
                                            foreign_key: None,
                                        },
                                    ),
                                    Field(
                                        FieldDef {
                                            name: "email",
                                            field_type: TypeRef {
                                                original: "string",
                                                fqn: "string",
                                                namespace_fqn: "",
                                                type_name: "string",
                                                parent_type_path: "",
                                                lang_type: "string",
                                                is_primitive: true,
                                                is_struct: false,
                                                is_enum: false,
                                                is_option: false,
                                                is_list: false,
                                                inner_type: None,
                                            },
                                            attributes: [],
                                            is_primary_key: false,
                                            is_unique: false,
                                            is_index: false,
                                            foreign_key: None,
                                        },
                                    ),
                                    Field(
                                        FieldDef {
                                            name: "region",
                                            field_type: TypeRef {
                                                original: "u8",
                                                fqn: "u8",
                                                namespace_fqn: "",
                                                type_name: "u8",
                                                parent_type_path: "",
                                                lang_type: "u8",
                                                is_primitive: true,
                                                is_struct: false,
                                                is_enum: false,
                                                is_option: false,
                                                is_list: false,
                                                inner_type: None,
                                            },
                                            attributes: [],
                                            is_primary_key: false,
                                            is_unique: false,
                                            is_index: false,
                                            foreign_key: None,
                                        },
                                    ),
                                    Field(
                                        FieldDef {
                                            name: "guild_id",
                                            field_type: TypeRef {
                                                original: "u32",
                                                fqn: "u32",
                                                namespace_fqn: "",
                                                type_name: "u32",
                                                parent_type_path: "",
                                                lang_type: "u32",
                                                is_primitive: true,
                                                is_struct: false,
                                                is_enum: false,
                                                is_option: false,
                                                is_list: false,
                                                inner_type: None,
                                            },
                                            attributes: [],
                                            is_primary_key: false,
                                            is_unique: false,
                                            is_index: false,
                                            foreign_key: None,
                                        },
                                    ),
                                    Field(
                                        FieldDef {
                                            name: "level",
                                            field_type: TypeRef {
                                                original: "u16",
                                                fqn: "u16",
                                                namespace_fqn: "",
                                                type_name: "u16",
                                                parent_type_path: "",
                                                lang_type: "u16",
                                                is_primitive: true,
                                                is_struct: false,
                                                is_enum: false,
                                                is_option: false,
                                                is_list: false,
                                                inner_type: None,
                                            },
                                            attributes: [],
                                            is_primary_key: false,
                                            is_unique: false,
                                            is_index: false,
                                            foreign_key: None,
                                        },
                                    ),
                                ],
                                indexes: [
                                    IndexDef {
                                        name: "ById",
                                        fields: [
                                            IndexFieldDef {
                                                name: "id",
                                                field_type: TypeRef {
                                                    original: "u32",
                                                    fqn: "u32",
                                                    namespace_fqn: "",
                                                    type_name: "u32",
                                                    parent_type_path: "",
                                                    lang_type: "u32",
                                                    is_primitive: true,
                                                    is_struct: false,
                                                    is_enum: false,
                                                    is_option: false,
                                                    is_list: false,
                                                    inner_type: None,
                                                },
                                            },
                                        ],
                                        is_unique: true,
                                        source: "constraint",
                                    },
                                    IndexDef {
                                        name: "ByName",
                                        fields: [
                                            IndexFieldDef {
                                                name: "name",
                                                field_type: TypeRef {
                                                    original: "string",
                                                    fqn: "string",
                                                    namespace_fqn: "",
                                                    type_name: "string",
                                                    parent_type_path: "",
                                                    lang_type: "string",
                                                    is_primitive: true,
                                                    is_struct: false,
                                                    is_enum: false,
                                                    is_option: false,
                                                    is_list: false,
                                                    inner_type: None,
                                                },
                                            },
                                        ],
                                        is_unique: false,
                                        source: "annotation",
                                    },
                                    IndexDef {
                                        name: "ByGuildIdLevel",
                                        fields: [
                                            IndexFieldDef {
                                                name: "guild_id",
                                                field_type: TypeRef {
                                                    original: "u32",
                                                    fqn: "u32",
                                                    namespace_fqn: "",
                                                    type_name: "u32",
                                                    parent_type_path: "",
                                                    lang_type: "u32",
                                                    is_primitive: true,
                                                    is_struct: false,
                                                    is_enum: false,
                                                    is_option: false,
                                                    is_list: false,
                                                    inner_type: None,
                                                },
                                            },
                                            IndexFieldDef {
                                                name: "level",
                                                field_type: TypeRef {
                                                    original: "u16",
                                                    fqn: "u16",
                                                    namespace_fqn: "",
                                                    type_name: "u16",
                                                    parent_type_path: "",
                                                    lang_type: "u16",
                                                    is_primitive: true,
                                                    is_struct: false,
                                                    is_enum: false,
                                                    is_option: false,
                                                    is_list: false,
                                                    inner_type: None,
                                                },
                                            },
                                        ],
                                        is_unique: false,
                                        source: "annotation",
                                    },
                                    IndexDef {
                                        name: "ByRegionGuildIdLevel",
                                        fields: [
                                            IndexFieldDef {
                                                name: "region",
                                                field_type: TypeRef {
                                                    original: "u8",
                                                    fqn: "u8",
                                                    namespace_fqn: "",
                                                    type_name: "u8",
                                                    parent_type_path: "",
                                                    lang_type: "u8",
                                                    is_primitive: true,
                                                    is_struct: false,
                                                    is_enum: false,
                                                    is_option: false,
                                                    is_list: false,
                                                    inner_type: None,
                                                },
                                            },
                                            IndexFieldDef {
                                                name: "guild_id",
                                                field_type: TypeRef {
                                                    original: "u32",
                                                    fqn: "u32",
                                                    namespace_fqn: "",
                                                    type_name: "u32",
                                                    parent_type_path: "",
                                                    lang_type: "u32",
                                                    is_primitive: true,
                                                    is_struct: false,
                                                    is_enum: false,
                                                    is_option: false,
                                                    is_list: false,
                                                    inner_type: None,
                                                },
                                            },
                                            IndexFieldDef {
                                                name: "level",
                                                field_type: TypeRef {
                                                    original: "u16",
                                                    fqn: "u16",
                                                    namespace_fqn: "",
                                                    type_name: "u16",
                                                    parent_type_path: "",
                                                    lang_type: "u16",
                                                    is_primitive: true,
                                                    is_struct: false,
                                                    is_enum: false,
                                                    is_option: false,
                                                    is_list: false,
                                                    inner_type: None,
                                                },
                                            },
                                        ],
                                        is_unique: false,
                                        source: "annotation",
                                    },
                                    IndexDef {
                                        name: "ByEmail",
                                        fields: [
                                            IndexFieldDef {
                                                name: "email",
                                                field_type: TypeRef {
                                                    original: "string",
                                                    fqn: "string",
                                                    namespace_fqn: "",
                                                    type_name: "string",
                                                    parent_type_path: "",
                                                    lang_type: "string",
                                                    is_primitive: true,
                                                    is_struct: false,
                                                    is_enum: false,
                                                    is_option: false,
                                                    is_list: false,
                                                    inner_type: None,
                                                },
                                            },
                                        ],
                                        is_unique: true,
                                        source: "annotation",
                                    },
                                ],
                                relations: [],
                            },
                        ),
                    ],
                },
            ],
            renames: [],
        },
    ],
}
