---
source: tests/snapshot_tests.rs
expression: ir_context
---
SchemaContext {
    files: [
        FileDef {
            path: "inline_enum_test.poly",
            namespaces: [
                NamespaceDef {
                    name: "MyGame",
                    items: [
                        Struct(
                            StructDef {
                                name: "Player",
                                fqn: "MyGame.Player",
                                header: [],
                                items: [
                                    InlineEnum(
                                        EnumDef {
                                            name: "Status",
                                            fqn: "MyGame.Player.Status",
                                            items: [
                                                Comment(
                                                    "액티브",
                                                ),
                                                Member(
                                                    EnumMember {
                                                        name: "Active",
                                                        value: Some(
                                                            0,
                                                        ),
                                                    },
                                                ),
                                                Member(
                                                    EnumMember {
                                                        name: "Inactive",
                                                        value: Some(
                                                            1,
                                                        ),
                                                    },
                                                ),
                                                Member(
                                                    EnumMember {
                                                        name: "Banned",
                                                        value: Some(
                                                            2,
                                                        ),
                                                    },
                                                ),
                                            ],
                                        },
                                    ),
                                    Field(
                                        FieldDef {
                                            name: "id",
                                            field_type: TypeRef {
                                                original: "i32",
                                                fqn: "i32",
                                                namespace_fqn: "",
                                                type_name: "i32",
                                                parent_type_path: "",
                                                lang_type: "i32",
                                                is_primitive: true,
                                                is_struct: false,
                                                is_enum: false,
                                                is_option: false,
                                                is_list: false,
                                                inner_type: None,
                                            },
                                            attributes: [],
                                        },
                                    ),
                                    Field(
                                        FieldDef {
                                            name: "name",
                                            field_type: TypeRef {
                                                original: "string",
                                                fqn: "string",
                                                namespace_fqn: "",
                                                type_name: "string",
                                                parent_type_path: "",
                                                lang_type: "string",
                                                is_primitive: true,
                                                is_struct: false,
                                                is_enum: false,
                                                is_option: false,
                                                is_list: false,
                                                inner_type: None,
                                            },
                                            attributes: [],
                                        },
                                    ),
                                    Field(
                                        FieldDef {
                                            name: "status",
                                            field_type: TypeRef {
                                                original: "Status",
                                                fqn: "MyGame.Player.Status",
                                                namespace_fqn: "MyGame.Player",
                                                type_name: "Status",
                                                parent_type_path: "",
                                                lang_type: "Status",
                                                is_primitive: false,
                                                is_struct: false,
                                                is_enum: true,
                                                is_option: false,
                                                is_list: false,
                                                inner_type: None,
                                            },
                                            attributes: [],
                                        },
                                    ),
                                    Field(
                                        FieldDef {
                                            name: "level",
                                            field_type: TypeRef {
                                                original: "i32",
                                                fqn: "i32",
                                                namespace_fqn: "",
                                                type_name: "i32",
                                                parent_type_path: "",
                                                lang_type: "i32",
                                                is_primitive: true,
                                                is_struct: false,
                                                is_enum: false,
                                                is_option: false,
                                                is_list: false,
                                                inner_type: None,
                                            },
                                            attributes: [],
                                        },
                                    ),
                                ],
                            },
                        ),
                    ],
                },
                NamespaceDef {
                    name: "MyGame",
                    items: [
                        Struct(
                            StructDef {
                                name: "Player",
                                fqn: "MyGame.Player",
                                header: [],
                                items: [
                                    Field(
                                        FieldDef {
                                            name: "id",
                                            field_type: TypeRef {
                                                original: "i32",
                                                fqn: "i32",
                                                namespace_fqn: "",
                                                type_name: "i32",
                                                parent_type_path: "",
                                                lang_type: "i32",
                                                is_primitive: true,
                                                is_struct: false,
                                                is_enum: false,
                                                is_option: false,
                                                is_list: false,
                                                inner_type: None,
                                            },
                                            attributes: [],
                                        },
                                    ),
                                    Field(
                                        FieldDef {
                                            name: "name",
                                            field_type: TypeRef {
                                                original: "string",
                                                fqn: "string",
                                                namespace_fqn: "",
                                                type_name: "string",
                                                parent_type_path: "",
                                                lang_type: "string",
                                                is_primitive: true,
                                                is_struct: false,
                                                is_enum: false,
                                                is_option: false,
                                                is_list: false,
                                                inner_type: None,
                                            },
                                            attributes: [],
                                        },
                                    ),
                                    Field(
                                        FieldDef {
                                            name: "status",
                                            field_type: TypeRef {
                                                original: "Status__Enum",
                                                fqn: "MyGame.Player.Status__Enum",
                                                namespace_fqn: "MyGame.Player",
                                                type_name: "Status__Enum",
                                                parent_type_path: "",
                                                lang_type: "Status__Enum",
                                                is_primitive: false,
                                                is_struct: false,
                                                is_enum: true,
                                                is_option: false,
                                                is_list: false,
                                                inner_type: None,
                                            },
                                            attributes: [],
                                        },
                                    ),
                                    InlineEnum(
                                        EnumDef {
                                            name: "Status__Enum",
                                            fqn: "MyGame.Player.Status__Enum",
                                            items: [
                                                Member(
                                                    EnumMember {
                                                        name: "Active",
                                                        value: Some(
                                                            0,
                                                        ),
                                                    },
                                                ),
                                                Member(
                                                    EnumMember {
                                                        name: "Inactive",
                                                        value: Some(
                                                            1,
                                                        ),
                                                    },
                                                ),
                                                Member(
                                                    EnumMember {
                                                        name: "Banned",
                                                        value: Some(
                                                            2,
                                                        ),
                                                    },
                                                ),
                                            ],
                                        },
                                    ),
                                    Field(
                                        FieldDef {
                                            name: "level",
                                            field_type: TypeRef {
                                                original: "i32",
                                                fqn: "i32",
                                                namespace_fqn: "",
                                                type_name: "i32",
                                                parent_type_path: "",
                                                lang_type: "i32",
                                                is_primitive: true,
                                                is_struct: false,
                                                is_enum: false,
                                                is_option: false,
                                                is_list: false,
                                                inner_type: None,
                                            },
                                            attributes: [],
                                        },
                                    ),
                                ],
                            },
                        ),
                    ],
                },
            ],
        },
    ],
}
