---
source: tests/snapshot_tests.rs
expression: ir_context
---
SchemaContext {
    files: [
        FileDef {
            path: "pack_test.poly",
            namespaces: [
                NamespaceDef {
                    name: "game",
                    datasource: None,
                    items: [
                        Struct(
                            StructDef {
                                name: "Position",
                                fqn: "game.Position",
                                is_embed: true,
                                datasource: None,
                                cache_strategy: None,
                                is_readonly: false,
                                soft_delete_field: None,
                                pack_separator: Some(
                                    ";",
                                ),
                                header: [
                                    Comment(
                                        "Default separator: ;",
                                    ),
                                    Annotation(
                                        AnnotationDef {
                                            name: "pack",
                                            positional_args: [],
                                            params: [],
                                        },
                                    ),
                                ],
                                items: [
                                    Field(
                                        FieldDef {
                                            name: "x",
                                            field_type: TypeRef {
                                                original: "f32",
                                                fqn: "f32",
                                                namespace_fqn: "",
                                                type_name: "f32",
                                                parent_type_path: "",
                                                lang_type: "f32",
                                                is_primitive: true,
                                                is_struct: false,
                                                is_enum: false,
                                                is_option: false,
                                                is_list: false,
                                                inner_type: None,
                                            },
                                            attributes: [],
                                            is_primary_key: false,
                                            is_unique: false,
                                            is_index: false,
                                            foreign_key: None,
                                            max_length: None,
                                            default_value: None,
                                            range: None,
                                            regex_pattern: None,
                                            auto_create: None,
                                            auto_update: None,
                                        },
                                    ),
                                    Field(
                                        FieldDef {
                                            name: "y",
                                            field_type: TypeRef {
                                                original: "f32",
                                                fqn: "f32",
                                                namespace_fqn: "",
                                                type_name: "f32",
                                                parent_type_path: "",
                                                lang_type: "f32",
                                                is_primitive: true,
                                                is_struct: false,
                                                is_enum: false,
                                                is_option: false,
                                                is_list: false,
                                                inner_type: None,
                                            },
                                            attributes: [],
                                            is_primary_key: false,
                                            is_unique: false,
                                            is_index: false,
                                            foreign_key: None,
                                            max_length: None,
                                            default_value: None,
                                            range: None,
                                            regex_pattern: None,
                                            auto_create: None,
                                            auto_update: None,
                                        },
                                    ),
                                ],
                                indexes: [],
                                relations: [],
                            },
                        ),
                        Struct(
                            StructDef {
                                name: "Color",
                                fqn: "game.Color",
                                is_embed: true,
                                datasource: None,
                                cache_strategy: None,
                                is_readonly: false,
                                soft_delete_field: None,
                                pack_separator: Some(
                                    ",",
                                ),
                                header: [
                                    Comment(
                                        "Custom separator: ,",
                                    ),
                                    Annotation(
                                        AnnotationDef {
                                            name: "pack",
                                            positional_args: [],
                                            params: [
                                                AnnotationParam {
                                                    key: "separator",
                                                    value: ",",
                                                },
                                            ],
                                        },
                                    ),
                                ],
                                items: [
                                    Field(
                                        FieldDef {
                                            name: "r",
                                            field_type: TypeRef {
                                                original: "u8",
                                                fqn: "u8",
                                                namespace_fqn: "",
                                                type_name: "u8",
                                                parent_type_path: "",
                                                lang_type: "u8",
                                                is_primitive: true,
                                                is_struct: false,
                                                is_enum: false,
                                                is_option: false,
                                                is_list: false,
                                                inner_type: None,
                                            },
                                            attributes: [],
                                            is_primary_key: false,
                                            is_unique: false,
                                            is_index: false,
                                            foreign_key: None,
                                            max_length: None,
                                            default_value: None,
                                            range: None,
                                            regex_pattern: None,
                                            auto_create: None,
                                            auto_update: None,
                                        },
                                    ),
                                    Field(
                                        FieldDef {
                                            name: "g",
                                            field_type: TypeRef {
                                                original: "u8",
                                                fqn: "u8",
                                                namespace_fqn: "",
                                                type_name: "u8",
                                                parent_type_path: "",
                                                lang_type: "u8",
                                                is_primitive: true,
                                                is_struct: false,
                                                is_enum: false,
                                                is_option: false,
                                                is_list: false,
                                                inner_type: None,
                                            },
                                            attributes: [],
                                            is_primary_key: false,
                                            is_unique: false,
                                            is_index: false,
                                            foreign_key: None,
                                            max_length: None,
                                            default_value: None,
                                            range: None,
                                            regex_pattern: None,
                                            auto_create: None,
                                            auto_update: None,
                                        },
                                    ),
                                    Field(
                                        FieldDef {
                                            name: "b",
                                            field_type: TypeRef {
                                                original: "u8",
                                                fqn: "u8",
                                                namespace_fqn: "",
                                                type_name: "u8",
                                                parent_type_path: "",
                                                lang_type: "u8",
                                                is_primitive: true,
                                                is_struct: false,
                                                is_enum: false,
                                                is_option: false,
                                                is_list: false,
                                                inner_type: None,
                                            },
                                            attributes: [],
                                            is_primary_key: false,
                                            is_unique: false,
                                            is_index: false,
                                            foreign_key: None,
                                            max_length: None,
                                            default_value: None,
                                            range: None,
                                            regex_pattern: None,
                                            auto_create: None,
                                            auto_update: None,
                                        },
                                    ),
                                ],
                                indexes: [],
                                relations: [],
                            },
                        ),
                        Struct(
                            StructDef {
                                name: "Stats",
                                fqn: "game.Stats",
                                is_embed: true,
                                datasource: None,
                                cache_strategy: None,
                                is_readonly: false,
                                soft_delete_field: None,
                                pack_separator: None,
                                header: [
                                    Comment(
                                        "Normal embed without @pack (for comparison)",
                                    ),
                                ],
                                items: [
                                    Field(
                                        FieldDef {
                                            name: "hp",
                                            field_type: TypeRef {
                                                original: "u32",
                                                fqn: "u32",
                                                namespace_fqn: "",
                                                type_name: "u32",
                                                parent_type_path: "",
                                                lang_type: "u32",
                                                is_primitive: true,
                                                is_struct: false,
                                                is_enum: false,
                                                is_option: false,
                                                is_list: false,
                                                inner_type: None,
                                            },
                                            attributes: [],
                                            is_primary_key: false,
                                            is_unique: false,
                                            is_index: false,
                                            foreign_key: None,
                                            max_length: None,
                                            default_value: None,
                                            range: None,
                                            regex_pattern: None,
                                            auto_create: None,
                                            auto_update: None,
                                        },
                                    ),
                                    Field(
                                        FieldDef {
                                            name: "mp",
                                            field_type: TypeRef {
                                                original: "u32",
                                                fqn: "u32",
                                                namespace_fqn: "",
                                                type_name: "u32",
                                                parent_type_path: "",
                                                lang_type: "u32",
                                                is_primitive: true,
                                                is_struct: false,
                                                is_enum: false,
                                                is_option: false,
                                                is_list: false,
                                                inner_type: None,
                                            },
                                            attributes: [],
                                            is_primary_key: false,
                                            is_unique: false,
                                            is_index: false,
                                            foreign_key: None,
                                            max_length: None,
                                            default_value: None,
                                            range: None,
                                            regex_pattern: None,
                                            auto_create: None,
                                            auto_update: None,
                                        },
                                    ),
                                ],
                                indexes: [],
                                relations: [],
                            },
                        ),
                        Struct(
                            StructDef {
                                name: "Player",
                                fqn: "game.Player",
                                is_embed: false,
                                datasource: None,
                                cache_strategy: None,
                                is_readonly: false,
                                soft_delete_field: None,
                                pack_separator: None,
                                header: [],
                                items: [
                                    Field(
                                        FieldDef {
                                            name: "id",
                                            field_type: TypeRef {
                                                original: "u32",
                                                fqn: "u32",
                                                namespace_fqn: "",
                                                type_name: "u32",
                                                parent_type_path: "",
                                                lang_type: "u32",
                                                is_primitive: true,
                                                is_struct: false,
                                                is_enum: false,
                                                is_option: false,
                                                is_list: false,
                                                inner_type: None,
                                            },
                                            attributes: [
                                                "Key",
                                            ],
                                            is_primary_key: true,
                                            is_unique: false,
                                            is_index: false,
                                            foreign_key: None,
                                            max_length: None,
                                            default_value: None,
                                            range: None,
                                            regex_pattern: None,
                                            auto_create: None,
                                            auto_update: None,
                                        },
                                    ),
                                    Field(
                                        FieldDef {
                                            name: "name",
                                            field_type: TypeRef {
                                                original: "string",
                                                fqn: "string",
                                                namespace_fqn: "",
                                                type_name: "string",
                                                parent_type_path: "",
                                                lang_type: "string",
                                                is_primitive: true,
                                                is_struct: false,
                                                is_enum: false,
                                                is_option: false,
                                                is_list: false,
                                                inner_type: None,
                                            },
                                            attributes: [
                                                "MaxLength(100)",
                                            ],
                                            is_primary_key: false,
                                            is_unique: false,
                                            is_index: false,
                                            foreign_key: None,
                                            max_length: Some(
                                                100,
                                            ),
                                            default_value: None,
                                            range: None,
                                            regex_pattern: None,
                                            auto_create: None,
                                            auto_update: None,
                                        },
                                    ),
                                    Field(
                                        FieldDef {
                                            name: "position",
                                            field_type: TypeRef {
                                                original: "Position",
                                                fqn: "game.Position",
                                                namespace_fqn: "game",
                                                type_name: "Position",
                                                parent_type_path: "",
                                                lang_type: "Position",
                                                is_primitive: false,
                                                is_struct: true,
                                                is_enum: false,
                                                is_option: false,
                                                is_list: false,
                                                inner_type: None,
                                            },
                                            attributes: [],
                                            is_primary_key: false,
                                            is_unique: false,
                                            is_index: false,
                                            foreign_key: None,
                                            max_length: None,
                                            default_value: None,
                                            range: None,
                                            regex_pattern: None,
                                            auto_create: None,
                                            auto_update: None,
                                        },
                                    ),
                                    Comment(
                                        "Will be packed as \"100;200\"",
                                    ),
                                    Field(
                                        FieldDef {
                                            name: "color",
                                            field_type: TypeRef {
                                                original: "Color",
                                                fqn: "game.Color",
                                                namespace_fqn: "game",
                                                type_name: "Color",
                                                parent_type_path: "",
                                                lang_type: "Color",
                                                is_primitive: false,
                                                is_struct: true,
                                                is_enum: false,
                                                is_option: false,
                                                is_list: false,
                                                inner_type: None,
                                            },
                                            attributes: [],
                                            is_primary_key: false,
                                            is_unique: false,
                                            is_index: false,
                                            foreign_key: None,
                                            max_length: None,
                                            default_value: None,
                                            range: None,
                                            regex_pattern: None,
                                            auto_create: None,
                                            auto_update: None,
                                        },
                                    ),
                                    Comment(
                                        "Will be packed as \"255,128,64\"",
                                    ),
                                    Field(
                                        FieldDef {
                                            name: "stats",
                                            field_type: TypeRef {
                                                original: "Stats",
                                                fqn: "game.Stats",
                                                namespace_fqn: "game",
                                                type_name: "Stats",
                                                parent_type_path: "",
                                                lang_type: "Stats",
                                                is_primitive: false,
                                                is_struct: true,
                                                is_enum: false,
                                                is_option: false,
                                                is_list: false,
                                                inner_type: None,
                                            },
                                            attributes: [],
                                            is_primary_key: false,
                                            is_unique: false,
                                            is_index: false,
                                            foreign_key: None,
                                            max_length: None,
                                            default_value: None,
                                            range: None,
                                            regex_pattern: None,
                                            auto_create: None,
                                            auto_update: None,
                                        },
                                    ),
                                    Comment(
                                        "Not packed, normal embed",
                                    ),
                                ],
                                indexes: [
                                    IndexDef {
                                        name: "ById",
                                        fields: [
                                            IndexFieldDef {
                                                name: "id",
                                                field_type: TypeRef {
                                                    original: "u32",
                                                    fqn: "u32",
                                                    namespace_fqn: "",
                                                    type_name: "u32",
                                                    parent_type_path: "",
                                                    lang_type: "u32",
                                                    is_primitive: true,
                                                    is_struct: false,
                                                    is_enum: false,
                                                    is_option: false,
                                                    is_list: false,
                                                    inner_type: None,
                                                },
                                            },
                                        ],
                                        is_unique: true,
                                        source: "constraint",
                                    },
                                ],
                                relations: [],
                            },
                        ),
                    ],
                },
            ],
            renames: [],
        },
    ],
}
