---
source: tests/snapshot_tests.rs
expression: ir_context
---
SchemaContext {
    files: [
        FileDef {
            path: "inline_enum_test.poly",
            namespaces: [
                NamespaceDef {
                    name: "MyGame",
                    items: [
                        Struct(
                            StructDef {
                                name: "Player",
                                header: [],
                                items: [
                                    InlineEnum(
                                        EnumDef {
                                            name: "Status",
                                            items: [
                                                Comment(
                                                    "액티브",
                                                ),
                                                Member(
                                                    EnumMember {
                                                        name: "Active",
                                                        value: Some(
                                                            0,
                                                        ),
                                                    },
                                                ),
                                                Member(
                                                    EnumMember {
                                                        name: "Inactive",
                                                        value: Some(
                                                            1,
                                                        ),
                                                    },
                                                ),
                                                Member(
                                                    EnumMember {
                                                        name: "Banned",
                                                        value: Some(
                                                            2,
                                                        ),
                                                    },
                                                ),
                                            ],
                                        },
                                    ),
                                    Field(
                                        FieldDef {
                                            name: "id",
                                            field_type: "i32",
                                            attributes: [],
                                        },
                                    ),
                                    Field(
                                        FieldDef {
                                            name: "name",
                                            field_type: "string",
                                            attributes: [],
                                        },
                                    ),
                                    Field(
                                        FieldDef {
                                            name: "status",
                                            field_type: "Status",
                                            attributes: [],
                                        },
                                    ),
                                    Field(
                                        FieldDef {
                                            name: "level",
                                            field_type: "i32",
                                            attributes: [],
                                        },
                                    ),
                                ],
                            },
                        ),
                    ],
                },
                NamespaceDef {
                    name: "MyGame",
                    items: [
                        Struct(
                            StructDef {
                                name: "Player",
                                header: [],
                                items: [
                                    Field(
                                        FieldDef {
                                            name: "id",
                                            field_type: "i32",
                                            attributes: [],
                                        },
                                    ),
                                    Field(
                                        FieldDef {
                                            name: "name",
                                            field_type: "string",
                                            attributes: [],
                                        },
                                    ),
                                    Field(
                                        FieldDef {
                                            name: "status",
                                            field_type: "Status__Enum",
                                            attributes: [],
                                        },
                                    ),
                                    InlineEnum(
                                        EnumDef {
                                            name: "Status__Enum",
                                            items: [
                                                Member(
                                                    EnumMember {
                                                        name: "Active",
                                                        value: Some(
                                                            0,
                                                        ),
                                                    },
                                                ),
                                                Member(
                                                    EnumMember {
                                                        name: "Inactive",
                                                        value: Some(
                                                            1,
                                                        ),
                                                    },
                                                ),
                                                Member(
                                                    EnumMember {
                                                        name: "Banned",
                                                        value: Some(
                                                            2,
                                                        ),
                                                    },
                                                ),
                                            ],
                                        },
                                    ),
                                    Field(
                                        FieldDef {
                                            name: "level",
                                            field_type: "i32",
                                            attributes: [],
                                        },
                                    ),
                                ],
                            },
                        ),
                    ],
                },
            ],
        },
    ],
}
