---
source: tests/snapshot_tests.rs
expression: ir_context
---
SchemaContext {
    files: [
        FileDef {
            path: "nested_namespaces.poly",
            namespaces: [
                NamespaceDef {
                    name: "game",
                    items: [
                        Namespace(
                            NamespaceDef {
                                name: "character",
                                items: [
                                    Struct(
                                        StructDef {
                                            name: "Player",
                                            header: [],
                                            items: [
                                                Field(
                                                    FieldDef {
                                                        name: "id",
                                                        field_type: "u32",
                                                        attributes: [],
                                                    },
                                                ),
                                                Field(
                                                    FieldDef {
                                                        name: "name",
                                                        field_type: "string",
                                                        attributes: [],
                                                    },
                                                ),
                                            ],
                                        },
                                    ),
                                ],
                            },
                        ),
                        Namespace(
                            NamespaceDef {
                                name: "item",
                                items: [
                                    Struct(
                                        StructDef {
                                            name: "Item",
                                            header: [],
                                            items: [
                                                Field(
                                                    FieldDef {
                                                        name: "id",
                                                        field_type: "u32",
                                                        attributes: [],
                                                    },
                                                ),
                                                Field(
                                                    FieldDef {
                                                        name: "name",
                                                        field_type: "string",
                                                        attributes: [],
                                                    },
                                                ),
                                            ],
                                        },
                                    ),
                                ],
                            },
                        ),
                    ],
                },
            ],
        },
    ],
}
