---
source: tests/snapshot_tests.rs
expression: ir_context
---
SchemaContext {
    files: [
        FileDef {
            path: "rename_test.poly",
            namespaces: [
                NamespaceDef {
                    name: "game",
                    datasource: None,
                    items: [
                        Struct(
                            StructDef {
                                name: "User",
                                fqn: "game.User",
                                is_embed: false,
                                datasource: None,
                                cache_strategy: None,
                                is_readonly: false,
                                soft_delete_field: None,
                                pack_separator: None,
                                header: [],
                                items: [
                                    Field(
                                        FieldDef {
                                            name: "id",
                                            field_type: TypeRef {
                                                original: "u32",
                                                fqn: "u32",
                                                namespace_fqn: "",
                                                type_name: "u32",
                                                parent_type_path: "",
                                                lang_type: "u32",
                                                is_primitive: true,
                                                is_struct: false,
                                                is_enum: false,
                                                is_option: false,
                                                is_list: false,
                                                inner_type: None,
                                            },
                                            attributes: [
                                                "Key",
                                            ],
                                            is_primary_key: true,
                                            is_unique: false,
                                            is_index: false,
                                            foreign_key: None,
                                            max_length: None,
                                            default_value: None,
                                            range: None,
                                            regex_pattern: None,
                                            auto_create: None,
                                            auto_update: None,
                                        },
                                    ),
                                    Field(
                                        FieldDef {
                                            name: "name",
                                            field_type: TypeRef {
                                                original: "string",
                                                fqn: "string",
                                                namespace_fqn: "",
                                                type_name: "string",
                                                parent_type_path: "",
                                                lang_type: "string",
                                                is_primitive: true,
                                                is_struct: false,
                                                is_enum: false,
                                                is_option: false,
                                                is_list: false,
                                                inner_type: None,
                                            },
                                            attributes: [],
                                            is_primary_key: false,
                                            is_unique: false,
                                            is_index: false,
                                            foreign_key: None,
                                            max_length: None,
                                            default_value: None,
                                            range: None,
                                            regex_pattern: None,
                                            auto_create: None,
                                            auto_update: None,
                                        },
                                    ),
                                    Field(
                                        FieldDef {
                                            name: "health",
                                            field_type: TypeRef {
                                                original: "u32",
                                                fqn: "u32",
                                                namespace_fqn: "",
                                                type_name: "u32",
                                                parent_type_path: "",
                                                lang_type: "u32",
                                                is_primitive: true,
                                                is_struct: false,
                                                is_enum: false,
                                                is_option: false,
                                                is_list: false,
                                                inner_type: None,
                                            },
                                            attributes: [],
                                            is_primary_key: false,
                                            is_unique: false,
                                            is_index: false,
                                            foreign_key: None,
                                            max_length: None,
                                            default_value: None,
                                            range: None,
                                            regex_pattern: None,
                                            auto_create: None,
                                            auto_update: None,
                                        },
                                    ),
                                ],
                                indexes: [
                                    IndexDef {
                                        name: "ById",
                                        fields: [
                                            IndexFieldDef {
                                                name: "id",
                                                field_type: TypeRef {
                                                    original: "u32",
                                                    fqn: "u32",
                                                    namespace_fqn: "",
                                                    type_name: "u32",
                                                    parent_type_path: "",
                                                    lang_type: "u32",
                                                    is_primitive: true,
                                                    is_struct: false,
                                                    is_enum: false,
                                                    is_option: false,
                                                    is_list: false,
                                                    inner_type: None,
                                                },
                                            },
                                        ],
                                        is_unique: true,
                                        source: "constraint",
                                    },
                                ],
                                relations: [],
                            },
                        ),
                    ],
                },
            ],
            renames: [
                RenameInfo {
                    kind: Table,
                    from_path: [
                        "game",
                        "Player",
                    ],
                    to_name: "User",
                },
                RenameInfo {
                    kind: Field,
                    from_path: [
                        "game",
                        "User",
                        "user_name",
                    ],
                    to_name: "name",
                },
                RenameInfo {
                    kind: Field,
                    from_path: [
                        "game",
                        "User",
                        "hp",
                    ],
                    to_name: "health",
                },
            ],
        },
    ],
}
