---
source: tests/snapshot_tests.rs
assertion_line: 22
expression: ir_context
---
SchemaContext {
    files: [
        FileDef {
            path: "advanced_annotations.poly",
            namespaces: [
                NamespaceDef {
                    name: "game.data",
                    datasource: Some(
                        "sqlite",
                    ),
                    items: [
                        Struct(
                            StructDef {
                                name: "ItemTable",
                                fqn: "game.data.ItemTable",
                                is_embed: false,
                                datasource: Some(
                                    "sqlite",
                                ),
                                cache_strategy: Some(
                                    "full_load",
                                ),
                                is_readonly: true,
                                soft_delete_field: None,
                                pack_separator: None,
                                header: [
                                    Comment(
                                        "Static data table - full load and read-only",
                                    ),
                                    Annotation(
                                        AnnotationDef {
                                            name: "cache",
                                            positional_args: [
                                                "full_load",
                                            ],
                                            params: [],
                                        },
                                    ),
                                    Annotation(
                                        AnnotationDef {
                                            name: "readonly",
                                            positional_args: [],
                                            params: [],
                                        },
                                    ),
                                ],
                                items: [
                                    Field(
                                        FieldDef {
                                            name: "id",
                                            field_type: TypeRef {
                                                original: "u32",
                                                fqn: "u32",
                                                namespace_fqn: "",
                                                type_name: "u32",
                                                parent_type_path: "",
                                                lang_type: "u32",
                                                is_primitive: true,
                                                is_struct: false,
                                                is_enum: false,
                                                is_option: false,
                                                is_list: false,
                                                inner_type: None,
                                            },
                                            attributes: [
                                                "Key",
                                            ],
                                            is_primary_key: true,
                                            is_unique: false,
                                            is_index: false,
                                            foreign_key: None,
                                            max_length: None,
                                            default_value: None,
                                            range: None,
                                            regex_pattern: None,
                                            auto_create: None,
                                            auto_update: None,
                                        },
                                    ),
                                    Field(
                                        FieldDef {
                                            name: "name",
                                            field_type: TypeRef {
                                                original: "string",
                                                fqn: "string",
                                                namespace_fqn: "",
                                                type_name: "string",
                                                parent_type_path: "",
                                                lang_type: "string",
                                                is_primitive: true,
                                                is_struct: false,
                                                is_enum: false,
                                                is_option: false,
                                                is_list: false,
                                                inner_type: None,
                                            },
                                            attributes: [],
                                            is_primary_key: false,
                                            is_unique: false,
                                            is_index: false,
                                            foreign_key: None,
                                            max_length: None,
                                            default_value: None,
                                            range: None,
                                            regex_pattern: None,
                                            auto_create: None,
                                            auto_update: None,
                                        },
                                    ),
                                    Field(
                                        FieldDef {
                                            name: "price",
                                            field_type: TypeRef {
                                                original: "u32",
                                                fqn: "u32",
                                                namespace_fqn: "",
                                                type_name: "u32",
                                                parent_type_path: "",
                                                lang_type: "u32",
                                                is_primitive: true,
                                                is_struct: false,
                                                is_enum: false,
                                                is_option: false,
                                                is_list: false,
                                                inner_type: None,
                                            },
                                            attributes: [],
                                            is_primary_key: false,
                                            is_unique: false,
                                            is_index: false,
                                            foreign_key: None,
                                            max_length: None,
                                            default_value: None,
                                            range: None,
                                            regex_pattern: None,
                                            auto_create: None,
                                            auto_update: None,
                                        },
                                    ),
                                    Field(
                                        FieldDef {
                                            name: "description",
                                            field_type: TypeRef {
                                                original: "Option<string>",
                                                fqn: "string",
                                                namespace_fqn: "",
                                                type_name: "string",
                                                parent_type_path: "",
                                                lang_type: "Option<string>",
                                                is_primitive: false,
                                                is_struct: true,
                                                is_enum: false,
                                                is_option: true,
                                                is_list: false,
                                                inner_type: Some(
                                                    TypeRef {
                                                        original: "string",
                                                        fqn: "string",
                                                        namespace_fqn: "",
                                                        type_name: "string",
                                                        parent_type_path: "",
                                                        lang_type: "string",
                                                        is_primitive: true,
                                                        is_struct: false,
                                                        is_enum: false,
                                                        is_option: false,
                                                        is_list: false,
                                                        inner_type: None,
                                                    },
                                                ),
                                            },
                                            attributes: [],
                                            is_primary_key: false,
                                            is_unique: false,
                                            is_index: false,
                                            foreign_key: None,
                                            max_length: None,
                                            default_value: None,
                                            range: None,
                                            regex_pattern: None,
                                            auto_create: None,
                                            auto_update: None,
                                        },
                                    ),
                                ],
                                indexes: [
                                    IndexDef {
                                        name: "ById",
                                        fields: [
                                            IndexFieldDef {
                                                name: "id",
                                                field_type: TypeRef {
                                                    original: "u32",
                                                    fqn: "u32",
                                                    namespace_fqn: "",
                                                    type_name: "u32",
                                                    parent_type_path: "",
                                                    lang_type: "u32",
                                                    is_primitive: true,
                                                    is_struct: false,
                                                    is_enum: false,
                                                    is_option: false,
                                                    is_list: false,
                                                    inner_type: None,
                                                },
                                            },
                                        ],
                                        is_unique: true,
                                        source: "constraint",
                                    },
                                ],
                                relations: [],
                            },
                        ),
                        Struct(
                            StructDef {
                                name: "PlayerData",
                                fqn: "game.data.PlayerData",
                                is_embed: false,
                                datasource: Some(
                                    "sqlite",
                                ),
                                cache_strategy: Some(
                                    "on_demand",
                                ),
                                is_readonly: false,
                                soft_delete_field: Some(
                                    "deleted_at",
                                ),
                                pack_separator: None,
                                header: [
                                    Comment(
                                        "User data table - on-demand loading with soft delete",
                                    ),
                                    Annotation(
                                        AnnotationDef {
                                            name: "cache",
                                            positional_args: [
                                                "on_demand",
                                            ],
                                            params: [],
                                        },
                                    ),
                                    Annotation(
                                        AnnotationDef {
                                            name: "soft_delete",
                                            positional_args: [
                                                "deleted_at",
                                            ],
                                            params: [],
                                        },
                                    ),
                                ],
                                items: [
                                    Field(
                                        FieldDef {
                                            name: "id",
                                            field_type: TypeRef {
                                                original: "u32",
                                                fqn: "u32",
                                                namespace_fqn: "",
                                                type_name: "u32",
                                                parent_type_path: "",
                                                lang_type: "u32",
                                                is_primitive: true,
                                                is_struct: false,
                                                is_enum: false,
                                                is_option: false,
                                                is_list: false,
                                                inner_type: None,
                                            },
                                            attributes: [
                                                "Key",
                                            ],
                                            is_primary_key: true,
                                            is_unique: false,
                                            is_index: false,
                                            foreign_key: None,
                                            max_length: None,
                                            default_value: None,
                                            range: None,
                                            regex_pattern: None,
                                            auto_create: None,
                                            auto_update: None,
                                        },
                                    ),
                                    Field(
                                        FieldDef {
                                            name: "name",
                                            field_type: TypeRef {
                                                original: "string",
                                                fqn: "string",
                                                namespace_fqn: "",
                                                type_name: "string",
                                                parent_type_path: "",
                                                lang_type: "string",
                                                is_primitive: true,
                                                is_struct: false,
                                                is_enum: false,
                                                is_option: false,
                                                is_list: false,
                                                inner_type: None,
                                            },
                                            attributes: [],
                                            is_primary_key: false,
                                            is_unique: false,
                                            is_index: false,
                                            foreign_key: None,
                                            max_length: None,
                                            default_value: None,
                                            range: None,
                                            regex_pattern: None,
                                            auto_create: None,
                                            auto_update: None,
                                        },
                                    ),
                                    Field(
                                        FieldDef {
                                            name: "level",
                                            field_type: TypeRef {
                                                original: "u32",
                                                fqn: "u32",
                                                namespace_fqn: "",
                                                type_name: "u32",
                                                parent_type_path: "",
                                                lang_type: "u32",
                                                is_primitive: true,
                                                is_struct: false,
                                                is_enum: false,
                                                is_option: false,
                                                is_list: false,
                                                inner_type: None,
                                            },
                                            attributes: [],
                                            is_primary_key: false,
                                            is_unique: false,
                                            is_index: false,
                                            foreign_key: None,
                                            max_length: None,
                                            default_value: None,
                                            range: None,
                                            regex_pattern: None,
                                            auto_create: None,
                                            auto_update: None,
                                        },
                                    ),
                                    Field(
                                        FieldDef {
                                            name: "deleted_at",
                                            field_type: TypeRef {
                                                original: "Option<string>",
                                                fqn: "string",
                                                namespace_fqn: "",
                                                type_name: "string",
                                                parent_type_path: "",
                                                lang_type: "Option<string>",
                                                is_primitive: false,
                                                is_struct: true,
                                                is_enum: false,
                                                is_option: true,
                                                is_list: false,
                                                inner_type: Some(
                                                    TypeRef {
                                                        original: "string",
                                                        fqn: "string",
                                                        namespace_fqn: "",
                                                        type_name: "string",
                                                        parent_type_path: "",
                                                        lang_type: "string",
                                                        is_primitive: true,
                                                        is_struct: false,
                                                        is_enum: false,
                                                        is_option: false,
                                                        is_list: false,
                                                        inner_type: None,
                                                    },
                                                ),
                                            },
                                            attributes: [],
                                            is_primary_key: false,
                                            is_unique: false,
                                            is_index: false,
                                            foreign_key: None,
                                            max_length: None,
                                            default_value: None,
                                            range: None,
                                            regex_pattern: None,
                                            auto_create: None,
                                            auto_update: None,
                                        },
                                    ),
                                    Comment(
                                        "null = active, timestamp = deleted",
                                    ),
                                ],
                                indexes: [
                                    IndexDef {
                                        name: "ById",
                                        fields: [
                                            IndexFieldDef {
                                                name: "id",
                                                field_type: TypeRef {
                                                    original: "u32",
                                                    fqn: "u32",
                                                    namespace_fqn: "",
                                                    type_name: "u32",
                                                    parent_type_path: "",
                                                    lang_type: "u32",
                                                    is_primitive: true,
                                                    is_struct: false,
                                                    is_enum: false,
                                                    is_option: false,
                                                    is_list: false,
                                                    inner_type: None,
                                                },
                                            },
                                        ],
                                        is_unique: true,
                                        source: "constraint",
                                    },
                                ],
                                relations: [],
                            },
                        ),
                        Struct(
                            StructDef {
                                name: "SessionData",
                                fqn: "game.data.SessionData",
                                is_embed: false,
                                datasource: Some(
                                    "sqlite",
                                ),
                                cache_strategy: Some(
                                    "write_through",
                                ),
                                is_readonly: false,
                                soft_delete_field: None,
                                pack_separator: None,
                                header: [
                                    Comment(
                                        "Session data - write-through caching",
                                    ),
                                    Annotation(
                                        AnnotationDef {
                                            name: "cache",
                                            positional_args: [
                                                "write_through",
                                            ],
                                            params: [],
                                        },
                                    ),
                                ],
                                items: [
                                    Field(
                                        FieldDef {
                                            name: "token",
                                            field_type: TypeRef {
                                                original: "string",
                                                fqn: "string",
                                                namespace_fqn: "",
                                                type_name: "string",
                                                parent_type_path: "",
                                                lang_type: "string",
                                                is_primitive: true,
                                                is_struct: false,
                                                is_enum: false,
                                                is_option: false,
                                                is_list: false,
                                                inner_type: None,
                                            },
                                            attributes: [
                                                "Key",
                                            ],
                                            is_primary_key: true,
                                            is_unique: false,
                                            is_index: false,
                                            foreign_key: None,
                                            max_length: None,
                                            default_value: None,
                                            range: None,
                                            regex_pattern: None,
                                            auto_create: None,
                                            auto_update: None,
                                        },
                                    ),
                                    Field(
                                        FieldDef {
                                            name: "user_id",
                                            field_type: TypeRef {
                                                original: "u32",
                                                fqn: "u32",
                                                namespace_fqn: "",
                                                type_name: "u32",
                                                parent_type_path: "",
                                                lang_type: "u32",
                                                is_primitive: true,
                                                is_struct: false,
                                                is_enum: false,
                                                is_option: false,
                                                is_list: false,
                                                inner_type: None,
                                            },
                                            attributes: [],
                                            is_primary_key: false,
                                            is_unique: false,
                                            is_index: false,
                                            foreign_key: None,
                                            max_length: None,
                                            default_value: None,
                                            range: None,
                                            regex_pattern: None,
                                            auto_create: None,
                                            auto_update: None,
                                        },
                                    ),
                                    Field(
                                        FieldDef {
                                            name: "expires_at",
                                            field_type: TypeRef {
                                                original: "string",
                                                fqn: "string",
                                                namespace_fqn: "",
                                                type_name: "string",
                                                parent_type_path: "",
                                                lang_type: "string",
                                                is_primitive: true,
                                                is_struct: false,
                                                is_enum: false,
                                                is_option: false,
                                                is_list: false,
                                                inner_type: None,
                                            },
                                            attributes: [],
                                            is_primary_key: false,
                                            is_unique: false,
                                            is_index: false,
                                            foreign_key: None,
                                            max_length: None,
                                            default_value: None,
                                            range: None,
                                            regex_pattern: None,
                                            auto_create: None,
                                            auto_update: None,
                                        },
                                    ),
                                ],
                                indexes: [
                                    IndexDef {
                                        name: "ByToken",
                                        fields: [
                                            IndexFieldDef {
                                                name: "token",
                                                field_type: TypeRef {
                                                    original: "string",
                                                    fqn: "string",
                                                    namespace_fqn: "",
                                                    type_name: "string",
                                                    parent_type_path: "",
                                                    lang_type: "string",
                                                    is_primitive: true,
                                                    is_struct: false,
                                                    is_enum: false,
                                                    is_option: false,
                                                    is_list: false,
                                                    inner_type: None,
                                                },
                                            },
                                        ],
                                        is_unique: true,
                                        source: "constraint",
                                    },
                                ],
                                relations: [],
                            },
                        ),
                    ],
                },
            ],
            renames: [],
        },
    ],
}
